src/pages/super-admin/Analytics.tsx(35,16): error TS6133: 'CardContent' is declared but its value is never read.
src/pages/super-admin/Analytics.tsx(35,29): error TS6133: 'CardHeader' is declared but its value is never read.
src/pages/super-admin/Analytics.tsx(42,5): error TS6133: 'cardVariants' is declared but its value is never read.
src/pages/super-admin/Analytics.tsx(383,48): error TS2322: Type '"ghost"' is not assignable to type '"outline" | "default" | "destructive" | "secondary" | null | undefined'.
src/pages/super-admin/PricingPlans.tsx(16,18): error TS6133: 'AnimatePresence' is declared but its value is never read.
src/pages/super-admin/PricingPlans.tsx(32,16): error TS6133: 'CardContent' is declared but its value is never read.
src/pages/super-admin/PricingPlans.tsx(32,29): error TS6133: 'CardHeader' is declared but its value is never read.
src/pages/super-admin/PricingPlans.tsx(32,41): error TS6133: 'CardTitle' is declared but its value is never read.
src/pages/super-admin/PricingPlans.tsx(32,52): error TS6133: 'CardDescription' is declared but its value is never read.
src/pages/super-admin/PricingPlans.tsx(32,69): error TS6133: 'CardFooter' is declared but its value is never read.
src/pages/super-admin/PricingPlans.tsx(39,5): error TS6133: 'DialogFooter' is declared but its value is never read.
src/pages/super-admin/PricingPlans.tsx(40,5): error TS6133: 'DialogHeader' is declared but its value is never read.
src/pages/super-admin/Settings.tsx(36,7): error TS6133: 'MotionCard' is declared but its value is never read.
src/pages/super-admin/StudioDetails.tsx(15,5): error TS6133: 'Settings' is declared but its value is never read.
src/pages/super-admin/StudioDetails.tsx(20,16): error TS6133: 'CardContent' is declared but its value is never read.
